// Jest Snapshot v1, https://goo.gl/fbAQLP

exports[`Warnings warns if no report detected 1`] = `"No coverage report was detected. Please output a report in the \`clover.xml\` format before running danger"`;
